-Xajruntimetarget:1.5
-Xlint:ignore
-16
-encoding
UTF-8
-showWeaveInfo
-source
16
-target
16
-verbose
-classpath
C:\Users\Admin\.m2\repository\org\projectlombok\lombok\1.18.34\lombok-1.18.34.jar;C:\Users\Admin\.m2\repository\org\postgresql\postgresql\42.7.3\postgresql-42.7.3.jar;C:\Users\Admin\.m2\repository\jakarta\servlet\jakarta.servlet-api\6.1.0\jakarta.servlet-api-6.1.0.jar;C:\Users\Admin\.m2\repository\com\fasterxml\jackson\core\jackson-databind\2.17.1\jackson-databind-2.17.1.jar;C:\Users\Admin\.m2\repository\com\fasterxml\jackson\core\jackson-annotations\2.17.1\jackson-annotations-2.17.1.jar;C:\Users\Admin\.m2\repository\com\fasterxml\jackson\core\jackson-core\2.17.1\jackson-core-2.17.1.jar;C:\Users\Admin\.m2\repository\junit\junit\3.8.1\junit-3.8.1.jar;C:\Users\Admin\.m2\repository\org\aspectj\aspectjrt\1.9.22.1\aspectjrt-1.9.22.1.jar;C:\Users\Admin\Desktop\y_lab_homework\homework3\target\classes
-inpath
C:\Users\Admin\Desktop\y_lab_homework\homework3\target/classes
-d
C:\Users\Admin\Desktop\y_lab_homework\homework3\target\classes
-s
C:\Users\Admin\Desktop\y_lab_homework\homework3\target\generated-sources\aspectj-maven-plugin
